Error: the private-file must contain 1 line with a BIP39 mnemonic.
